
  .   ____          _            __ _ _
 /\\ / ___'_ __ _ _(_)_ __  __ _ \ \ \ \
( ( )\___ | '_ | '_| | '_ \/ _` | \ \ \ \
 \\/  ___)| |_)| | | | | || (_| |  ) ) ) )
  '  |____| .__|_| |_|_| |_\__, | / / / /
 =========|_|==============|___/=/_/_/_/
 :: Spring Boot ::                (v3.2.5)

2026-07-22T09:55:32.397+08:00  INFO 15460 --- [           main] c.toolplatform.ToolPlatformApplication   : Starting ToolPlatformApplication v1.0.0 using Java 21.0.7 with PID 15460 (C:\Users\Administrator\Desktop\新建文件夹 (11)\backend-java\target\tool-platform-1.0.0.jar started by Administrator in C:\Users\Administrator\Desktop\新建文件夹 (11)\backend-java)
2026-07-22T09:55:32.398+08:00  INFO 15460 --- [           main] c.toolplatform.ToolPlatformApplication   : No active profile set, falling back to 1 default profile: "default"
2026-07-22T09:55:33.083+08:00  INFO 15460 --- [           main] .s.d.r.c.RepositoryConfigurationDelegate : Bootstrapping Spring Data JPA repositories in DEFAULT mode.
2026-07-22T09:55:33.135+08:00  INFO 15460 --- [           main] .s.d.r.c.RepositoryConfigurationDelegate : Finished Spring Data repository scanning in 36 ms. Found 6 JPA repository interfaces.
2026-07-22T09:55:33.594+08:00  INFO 15460 --- [           main] o.s.b.w.embedded.tomcat.TomcatWebServer  : Tomcat initialized with port 5000 (http)
2026-07-22T09:55:33.613+08:00  INFO 15460 --- [           main] o.apache.catalina.core.StandardService   : Starting service [Tomcat]
2026-07-22T09:55:33.614+08:00  INFO 15460 --- [           main] o.apache.catalina.core.StandardEngine    : Starting Servlet engine: [Apache Tomcat/10.1.20]
2026-07-22T09:55:33.661+08:00  INFO 15460 --- [           main] o.a.c.c.C.[Tomcat].[localhost].[/]       : Initializing Spring embedded WebApplicationContext
2026-07-22T09:55:33.662+08:00  INFO 15460 --- [           main] w.s.c.ServletWebServerApplicationContext : Root WebApplicationContext: initialization completed in 1209 ms
2026-07-22T09:55:33.690+08:00  INFO 15460 --- [           main] com.zaxxer.hikari.HikariDataSource       : HikariPool-1 - Starting...
2026-07-22T09:55:33.921+08:00  INFO 15460 --- [           main] com.zaxxer.hikari.pool.HikariPool        : HikariPool-1 - Added connection conn0: url=jdbc:h2:file:C:\Users\Administrator/.tooldb/tooldb user=
2026-07-22T09:55:33.923+08:00  INFO 15460 --- [           main] com.zaxxer.hikari.HikariDataSource       : HikariPool-1 - Start completed.
2026-07-22T09:55:33.930+08:00  INFO 15460 --- [           main] o.s.b.a.h2.H2ConsoleAutoConfiguration    : H2 console available at '/h2-console'. Database available at 'jdbc:h2:file:C:\Users\Administrator/.tooldb/tooldb'
2026-07-22T09:55:34.060+08:00  INFO 15460 --- [           main] o.hibernate.jpa.internal.util.LogHelper  : HHH000204: Processing PersistenceUnitInfo [name: default]
2026-07-22T09:55:34.130+08:00  INFO 15460 --- [           main] org.hibernate.Version                    : HHH000412: Hibernate ORM core version 6.4.4.Final
2026-07-22T09:55:34.175+08:00  INFO 15460 --- [           main] o.h.c.internal.RegionFactoryInitiator    : HHH000026: Second-level cache disabled
2026-07-22T09:55:34.410+08:00  INFO 15460 --- [           main] o.s.o.j.p.SpringPersistenceUnitInfo      : No LoadTimeWeaver setup: ignoring JPA class transformer
2026-07-22T09:55:35.120+08:00  INFO 15460 --- [           main] o.h.e.t.j.p.i.JtaPlatformInitiator       : HHH000489: No JTA platform available (set 'hibernate.transaction.jta.platform' to enable JTA platform integration)
2026-07-22T09:55:35.160+08:00  INFO 15460 --- [           main] j.LocalContainerEntityManagerFactoryBean : Initialized JPA EntityManagerFactory for persistence unit 'default'
2026-07-22T09:55:35.481+08:00  INFO 15460 --- [           main] o.s.d.j.r.query.QueryEnhancerFactory     : Hibernate is in classpath; If applicable, HQL parser will be used.
2026-07-22T09:55:36.136+08:00  WARN 15460 --- [           main] JpaBaseConfiguration$JpaWebConfiguration : spring.jpa.open-in-view is enabled by default. Therefore, database queries may be performed during view rendering. Explicitly configure spring.jpa.open-in-view to disable this warning
2026-07-22T09:55:36.165+08:00  INFO 15460 --- [           main] o.s.b.a.w.s.WelcomePageHandlerMapping    : Adding welcome page: class path resource [static/index.html]
2026-07-22T09:55:36.536+08:00  INFO 15460 --- [           main] o.s.b.w.embedded.tomcat.TomcatWebServer  : Tomcat started on port 5000 (http) with context path ''
2026-07-22T09:55:36.552+08:00  INFO 15460 --- [           main] c.toolplatform.ToolPlatformApplication   : Started ToolPlatformApplication in 4.464 seconds (process running for 4.854)
